/home/loginwashere/projects/gsmgio-5btc-puzzle/tools/gsmg/cb_common.py:474: CryptographyDeprecationWarning: Blowfish has been deprecated
  "blowfish": algorithms.Blowfish,
/home/loginwashere/projects/gsmgio-5btc-puzzle/tools/gsmg/cb_common.py:476: CryptographyDeprecationWarning: SEED has been deprecated
  "seed": algorithms.SEED,
[*] candidates=648 digest=2d233645ef49a141 keystrings=14,551 operations/key=144 blobs=['COSMIC', 'P32TRAILING', 'SALPH', 'URLBLOB']
[*] progress 250/14,551
[*] progress 500/14,551
[*] progress 750/14,551
[*] progress 1,000/14,551
[*] progress 1,250/14,551
[*] progress 1,500/14,551
[*] progress 1,750/14,551
[*] progress 2,000/14,551
[*] progress 2,250/14,551
[*] progress 2,500/14,551
[*] progress 2,750/14,551
[*] progress 3,000/14,551
[*] progress 3,250/14,551
[*] progress 3,500/14,551
[*] progress 3,750/14,551
[*] progress 4,000/14,551
[*] progress 4,250/14,551
[*] progress 4,500/14,551
[*] progress 4,750/14,551
[*] progress 5,000/14,551
[*] progress 5,250/14,551
[*] progress 5,500/14,551
[*] progress 5,750/14,551
[*] progress 6,000/14,551
[*] progress 6,250/14,551
[*] progress 6,500/14,551
[*] progress 6,750/14,551
[*] progress 7,000/14,551
[*] progress 7,250/14,551
[*] progress 7,500/14,551
[*] progress 7,750/14,551
[*] progress 8,000/14,551
[*] progress 8,250/14,551
[*] progress 8,500/14,551
[*] progress 8,750/14,551
[*] progress 9,000/14,551
[*] progress 9,250/14,551
[*] progress 9,500/14,551
[*] progress 9,750/14,551
[*] progress 10,000/14,551
[*] progress 10,250/14,551
[*] progress 10,500/14,551
[*] progress 10,750/14,551
[*] progress 11,000/14,551
[*] progress 11,250/14,551
[*] progress 11,500/14,551
[*] progress 11,750/14,551
[*] progress 12,000/14,551
[*] progress 12,250/14,551
[*] progress 12,500/14,551
[*] progress 12,750/14,551
[*] progress 13,000/14,551
[*] progress 13,250/14,551
[*] progress 13,500/14,551
[*] progress 13,750/14,551
[*] progress 14,000/14,551
[*] progress 14,250/14,551
[*] progress 14,500/14,551
[*] progress 14,551/14,551
