[*] candidates=10,590 digest=b103b6c2632bc869 keystrings=209,178 operations/key=72 windows=[0, 16, 32, 48] combo_pair=[0, 32] hex_offsets=[0, 16] wif_lengths=[51, 52] workers=16 chunk_size=100
[*] progress 300/209,178 (0.1%) session=300 resumed=0 errors=0 rate=20.3/s eta=171.4m
[*] progress 600/209,178 (0.3%) session=600 resumed=0 errors=0 rate=38.3/s eta=90.6m
[*] progress 900/209,178 (0.4%) session=900 resumed=0 errors=0 rate=54.7/s eta=63.5m
[*] progress 1,200/209,178 (0.6%) session=1,200 resumed=0 errors=0 rate=69.4/s eta=49.9m
[*] progress 1,500/209,178 (0.7%) session=1,500 resumed=0 errors=0 rate=82.7/s eta=41.8m
[*] progress 1,800/209,178 (0.9%) session=1,800 resumed=0 errors=0 rate=64.8/s eta=53.3m
[*] progress 2,100/209,178 (1.0%) session=2,100 resumed=0 errors=0 rate=73.4/s eta=47.0m
[*] progress 2,400/209,178 (1.1%) session=2,400 resumed=0 errors=0 rate=81.3/s eta=42.4m
[*] progress 2,700/209,178 (1.3%) session=2,700 resumed=0 errors=0 rate=88.9/s eta=38.7m
[*] progress 3,000/209,178 (1.4%) session=3,000 resumed=0 errors=0 rate=96.1/s eta=35.8m
[*] progress 3,300/209,178 (1.6%) session=3,300 resumed=0 errors=0 rate=80.5/s eta=42.6m
[*] progress 3,600/209,178 (1.7%) session=3,600 resumed=0 errors=0 rate=86.2/s eta=39.7m
[*] progress 3,900/209,178 (1.9%) session=3,900 resumed=0 errors=0 rate=91.5/s eta=37.4m
[*] progress 4,200/209,178 (2.0%) session=4,200 resumed=0 errors=0 rate=96.7/s eta=35.3m
[*] progress 4,500/209,178 (2.2%) session=4,500 resumed=0 errors=0 rate=101.6/s eta=33.6m
[*] progress 4,800/209,178 (2.3%) session=4,800 resumed=0 errors=0 rate=106.4/s eta=32.0m
[*] progress 5,100/209,178 (2.4%) session=5,100 resumed=0 errors=0 rate=92.0/s eta=37.0m
[*] progress 5,400/209,178 (2.6%) session=5,400 resumed=0 errors=0 rate=93.9/s eta=36.2m
[*] progress 5,700/209,178 (2.7%) session=5,700 resumed=0 errors=0 rate=97.8/s eta=34.7m
[*] progress 6,000/209,178 (2.9%) session=6,000 resumed=0 errors=0 rate=101.5/s eta=33.4m
[*] progress 6,300/209,178 (3.0%) session=6,300 resumed=0 errors=0 rate=105.0/s eta=32.2m
[*] progress 6,600/209,178 (3.2%) session=6,600 resumed=0 errors=0 rate=95.3/s eta=35.4m
[*] progress 6,900/209,178 (3.3%) session=6,900 resumed=0 errors=0 rate=98.6/s eta=34.2m
[*] progress 7,200/209,178 (3.4%) session=7,200 resumed=0 errors=0 rate=101.7/s eta=33.1m
[*] progress 7,500/209,178 (3.6%) session=7,500 resumed=0 errors=0 rate=104.7/s eta=32.1m
[*] progress 7,800/209,178 (3.7%) session=7,800 resumed=0 errors=0 rate=107.6/s eta=31.2m
[*] progress 8,100/209,178 (3.9%) session=8,100 resumed=0 errors=0 rate=97.6/s eta=34.3m
[+++ VANITY_WEAK HIT] P32TRAILING cbc md5+3des/128 combo:concat_hash_ab
[*] progress 8,400/209,178 (4.0%) session=8,400 resumed=0 errors=0 rate=100.1/s eta=33.4m
[*] progress 8,700/209,178 (4.2%) session=8,700 resumed=0 errors=0 rate=102.8/s eta=32.5m
[*] progress 9,000/209,178 (4.3%) session=9,000 resumed=0 errors=0 rate=105.4/s eta=31.7m
[*] progress 9,300/209,178 (4.4%) session=9,300 resumed=0 errors=0 rate=107.4/s eta=31.0m
[*] progress 9,600/209,178 (4.6%) session=9,600 resumed=0 errors=0 rate=108.9/s eta=30.5m
[*] progress 9,900/209,178 (4.7%) session=9,900 resumed=0 errors=0 rate=100.8/s eta=33.0m
[*] progress 10,200/209,178 (4.9%) session=10,200 resumed=0 errors=0 rate=102.2/s eta=32.5m
[*] progress 10,500/209,178 (5.0%) session=10,500 resumed=0 errors=0 rate=103.4/s eta=32.0m
[*] progress 10,800/209,178 (5.2%) session=10,800 resumed=0 errors=0 rate=104.8/s eta=31.5m
[*] progress 11,100/209,178 (5.3%) session=11,100 resumed=0 errors=0 rate=106.0/s eta=31.1m
[*] progress 11,400/209,178 (5.4%) session=11,400 resumed=0 errors=0 rate=102.1/s eta=32.3m
[*] progress 11,700/209,178 (5.6%) session=11,700 resumed=0 errors=0 rate=103.1/s eta=31.9m
[*] progress 12,000/209,178 (5.7%) session=12,000 resumed=0 errors=0 rate=104.3/s eta=31.5m
[*] progress 12,300/209,178 (5.9%) session=12,300 resumed=0 errors=0 rate=106.0/s eta=30.9m
[*] progress 12,600/209,178 (6.0%) session=12,600 resumed=0 errors=0 rate=107.8/s eta=30.4m
[*] progress 12,900/209,178 (6.2%) session=12,900 resumed=0 errors=0 rate=103.4/s eta=31.6m
[*] progress 13,200/209,178 (6.3%) session=13,200 resumed=0 errors=0 rate=105.1/s eta=31.1m
[*] progress 13,500/209,178 (6.5%) session=13,500 resumed=0 errors=0 rate=106.7/s eta=30.6m
[*] progress 13,800/209,178 (6.6%) session=13,800 resumed=0 errors=0 rate=108.3/s eta=30.1m
[*] progress 14,100/209,178 (6.7%) session=14,100 resumed=0 errors=0 rate=109.9/s eta=29.6m
[*] progress 14,400/209,178 (6.9%) session=14,400 resumed=0 errors=0 rate=111.4/s eta=29.1m
[*] progress 14,700/209,178 (7.0%) session=14,700 resumed=0 errors=0 rate=105.6/s eta=30.7m
[*] progress 15,000/209,178 (7.2%) session=15,000 resumed=0 errors=0 rate=107.1/s eta=30.2m
[*] progress 15,300/209,178 (7.3%) session=15,300 resumed=0 errors=0 rate=108.6/s eta=29.8m
[*] progress 15,600/209,178 (7.5%) session=15,600 resumed=0 errors=0 rate=110.0/s eta=29.3m
[*] progress 15,900/209,178 (7.6%) session=15,900 resumed=0 errors=0 rate=111.4/s eta=28.9m
[+++ BLOOM HIT] SALPH cbc md5+3des/128 combo:concat_hash_ab
[*] progress 16,200/209,178 (7.7%) session=16,200 resumed=0 errors=0 rate=105.6/s eta=30.5m
[*] progress 16,500/209,178 (7.9%) session=16,500 resumed=0 errors=0 rate=106.9/s eta=30.0m
[*] progress 16,800/209,178 (8.0%) session=16,800 resumed=0 errors=0 rate=108.2/s eta=29.6m
[*] progress 17,100/209,178 (8.2%) session=17,100 resumed=0 errors=0 rate=109.5/s eta=29.2m
[*] progress 17,400/209,178 (8.3%) session=17,400 resumed=0 errors=0 rate=110.8/s eta=28.9m
[*] progress 17,700/209,178 (8.5%) session=17,700 resumed=0 errors=0 rate=105.7/s eta=30.2m
[*] progress 18,000/209,178 (8.6%) session=18,000 resumed=0 errors=0 rate=107.0/s eta=29.8m
[*] progress 18,300/209,178 (8.7%) session=18,300 resumed=0 errors=0 rate=108.2/s eta=29.4m
[*] progress 18,600/209,178 (8.9%) session=18,600 resumed=0 errors=0 rate=109.5/s eta=29.0m
[*] progress 18,900/209,178 (9.0%) session=18,900 resumed=0 errors=0 rate=110.7/s eta=28.7m
[*] progress 19,200/209,178 (9.2%) session=19,200 resumed=0 errors=0 rate=111.8/s eta=28.3m
[*] progress 19,500/209,178 (9.3%) session=19,500 resumed=0 errors=0 rate=106.2/s eta=29.8m
[*] progress 19,800/209,178 (9.5%) session=19,800 resumed=0 errors=0 rate=107.3/s eta=29.4m
[*] progress 20,100/209,178 (9.6%) session=20,100 resumed=0 errors=0 rate=108.4/s eta=29.1m
[*] progress 20,400/209,178 (9.8%) session=20,400 resumed=0 errors=0 rate=109.5/s eta=28.7m
[+++ VANITY_WEAK HIT] P32TRAILING cbc md5+3des/128 combo:scalar_neg_b
[*] progress 20,700/209,178 (9.9%) session=20,700 resumed=0 errors=0 rate=110.6/s eta=28.4m
[*] progress 21,000/209,178 (10.0%) session=21,000 resumed=0 errors=0 rate=107.0/s eta=29.3m
[*] progress 21,300/209,178 (10.2%) session=21,300 resumed=0 errors=0 rate=108.1/s eta=29.0m
[*] progress 21,600/209,178 (10.3%) session=21,600 resumed=0 errors=0 rate=109.2/s eta=28.6m
[*] progress 21,900/209,178 (10.5%) session=21,900 resumed=0 errors=0 rate=110.2/s eta=28.3m
[*] progress 22,200/209,178 (10.6%) session=22,200 resumed=0 errors=0 rate=111.3/s eta=28.0m
[*] progress 22,500/209,178 (10.8%) session=22,500 resumed=0 errors=0 rate=107.1/s eta=29.0m
[*] progress 22,800/209,178 (10.9%) session=22,800 resumed=0 errors=0 rate=108.1/s eta=28.7m
[*] progress 23,100/209,178 (11.0%) session=23,100 resumed=0 errors=0 rate=109.1/s eta=28.4m
[*] progress 23,400/209,178 (11.2%) session=23,400 resumed=0 errors=0 rate=110.0/s eta=28.1m
[*] progress 23,700/209,178 (11.3%) session=23,700 resumed=0 errors=0 rate=111.0/s eta=27.9m
[*] progress 24,000/209,178 (11.5%) session=24,000 resumed=0 errors=0 rate=111.9/s eta=27.6m
[*] progress 24,300/209,178 (11.6%) session=24,300 resumed=0 errors=0 rate=108.0/s eta=28.5m
[*] progress 24,600/209,178 (11.8%) session=24,600 resumed=0 errors=0 rate=108.9/s eta=28.3m
[*] progress 24,900/209,178 (11.9%) session=24,900 resumed=0 errors=0 rate=109.8/s eta=28.0m
[*] progress 25,200/209,178 (12.0%) session=25,200 resumed=0 errors=0 rate=110.7/s eta=27.7m
[*] progress 25,500/209,178 (12.2%) session=25,500 resumed=0 errors=0 rate=111.6/s eta=27.4m
[*] progress 25,800/209,178 (12.3%) session=25,800 resumed=0 errors=0 rate=108.0/s eta=28.3m
[*] progress 26,100/209,178 (12.5%) session=26,100 resumed=0 errors=0 rate=108.7/s eta=28.1m
[*] progress 26,400/209,178 (12.6%) session=26,400 resumed=0 errors=0 rate=109.5/s eta=27.8m
[*] progress 26,700/209,178 (12.8%) session=26,700 resumed=0 errors=0 rate=110.4/s eta=27.5m
[*] progress 27,000/209,178 (12.9%) session=27,000 resumed=0 errors=0 rate=111.2/s eta=27.3m
[*] progress 27,300/209,178 (13.1%) session=27,300 resumed=0 errors=0 rate=107.8/s eta=28.1m
[*] progress 27,600/209,178 (13.2%) session=27,600 resumed=0 errors=0 rate=108.6/s eta=27.9m
[*] progress 27,900/209,178 (13.3%) session=27,900 resumed=0 errors=0 rate=109.4/s eta=27.6m
[*] progress 28,200/209,178 (13.5%) session=28,200 resumed=0 errors=0 rate=110.2/s eta=27.4m
[*] progress 28,500/209,178 (13.6%) session=28,500 resumed=0 errors=0 rate=111.0/s eta=27.1m
[*] progress 28,800/209,178 (13.8%) session=28,800 resumed=0 errors=0 rate=111.7/s eta=26.9m
[*] progress 29,100/209,178 (13.9%) session=29,100 resumed=0 errors=0 rate=108.2/s eta=27.7m
[*] progress 29,400/209,178 (14.1%) session=29,400 resumed=0 errors=0 rate=108.9/s eta=27.5m
[*] progress 29,700/209,178 (14.2%) session=29,700 resumed=0 errors=0 rate=109.7/s eta=27.3m
[*] progress 30,000/209,178 (14.3%) session=30,000 resumed=0 errors=0 rate=110.4/s eta=27.0m
[*] progress 30,300/209,178 (14.5%) session=30,300 resumed=0 errors=0 rate=111.2/s eta=26.8m
[*] progress 30,600/209,178 (14.6%) session=30,600 resumed=0 errors=0 rate=108.6/s eta=27.4m
[*] progress 30,900/209,178 (14.8%) session=30,900 resumed=0 errors=0 rate=109.3/s eta=27.2m
[*] progress 31,200/209,178 (14.9%) session=31,200 resumed=0 errors=0 rate=110.0/s eta=27.0m
[*] progress 31,500/209,178 (15.1%) session=31,500 resumed=0 errors=0 rate=110.7/s eta=26.7m
[*] progress 31,800/209,178 (15.2%) session=31,800 resumed=0 errors=0 rate=111.5/s eta=26.5m
[*] progress 32,100/209,178 (15.3%) session=32,100 resumed=0 errors=0 rate=108.5/s eta=27.2m
[*] progress 32,400/209,178 (15.5%) session=32,400 resumed=0 errors=0 rate=109.2/s eta=27.0m
[*] progress 32,700/209,178 (15.6%) session=32,700 resumed=0 errors=0 rate=109.8/s eta=26.8m
[*] progress 33,000/209,178 (15.8%) session=33,000 resumed=0 errors=0 rate=110.5/s eta=26.6m
[*] progress 33,300/209,178 (15.9%) session=33,300 resumed=0 errors=0 rate=111.2/s eta=26.4m
[*] progress 33,600/209,178 (16.1%) session=33,600 resumed=0 errors=0 rate=111.6/s eta=26.2m
[*] progress 33,900/209,178 (16.2%) session=33,900 resumed=0 errors=0 rate=109.0/s eta=26.8m
[*] progress 34,200/209,178 (16.3%) session=34,200 resumed=0 errors=0 rate=109.6/s eta=26.6m
[*] progress 34,500/209,178 (16.5%) session=34,500 resumed=0 errors=0 rate=110.3/s eta=26.4m
[*] progress 34,800/209,178 (16.6%) session=34,800 resumed=0 errors=0 rate=111.0/s eta=26.2m
[*] progress 35,100/209,178 (16.8%) session=35,100 resumed=0 errors=0 rate=111.6/s eta=26.0m
[+++ VANITY_WEAK HIT] SALPH ecb sha1/128 combo:xor
[*] progress 35,400/209,178 (16.9%) session=35,400 resumed=0 errors=0 rate=108.9/s eta=26.6m
[*] progress 35,700/209,178 (17.1%) session=35,700 resumed=0 errors=0 rate=109.5/s eta=26.4m
[*] progress 36,000/209,178 (17.2%) session=36,000 resumed=0 errors=0 rate=110.1/s eta=26.2m
[*] progress 36,300/209,178 (17.4%) session=36,300 resumed=0 errors=0 rate=110.7/s eta=26.0m
[*] progress 36,600/209,178 (17.5%) session=36,600 resumed=0 errors=0 rate=111.4/s eta=25.8m
[*] progress 36,900/209,178 (17.6%) session=36,900 resumed=0 errors=0 rate=108.8/s eta=26.4m
[*] progress 37,200/209,178 (17.8%) session=37,200 resumed=0 errors=0 rate=109.4/s eta=26.2m
[*] progress 37,500/209,178 (17.9%) session=37,500 resumed=0 errors=0 rate=110.0/s eta=26.0m
[*] progress 37,800/209,178 (18.1%) session=37,800 resumed=0 errors=0 rate=110.6/s eta=25.8m
[*] progress 38,100/209,178 (18.2%) session=38,100 resumed=0 errors=0 rate=111.2/s eta=25.6m
[*] progress 38,400/209,178 (18.4%) session=38,400 resumed=0 errors=0 rate=111.6/s eta=25.5m
[*] progress 38,700/209,178 (18.5%) session=38,700 resumed=0 errors=0 rate=109.4/s eta=26.0m
[*] progress 39,000/209,178 (18.6%) session=39,000 resumed=0 errors=0 rate=109.9/s eta=25.8m
[*] progress 39,300/209,178 (18.8%) session=39,300 resumed=0 errors=0 rate=110.5/s eta=25.6m
[*] progress 39,600/209,178 (18.9%) session=39,600 resumed=0 errors=0 rate=111.0/s eta=25.5m
[*] progress 39,900/209,178 (19.1%) session=39,900 resumed=0 errors=0 rate=111.6/s eta=25.3m
[*] progress 40,200/209,178 (19.2%) session=40,200 resumed=0 errors=0 rate=109.5/s eta=25.7m
[*] progress 40,500/209,178 (19.4%) session=40,500 resumed=0 errors=0 rate=110.0/s eta=25.6m
[*] progress 40,800/209,178 (19.5%) session=40,800 resumed=0 errors=0 rate=110.5/s eta=25.4m
[*] progress 41,100/209,178 (19.6%) session=41,100 resumed=0 errors=0 rate=111.0/s eta=25.2m
[*] progress 41,400/209,178 (19.8%) session=41,400 resumed=0 errors=0 rate=111.5/s eta=25.1m
[*] progress 41,700/209,178 (19.9%) session=41,700 resumed=0 errors=0 rate=109.3/s eta=25.5m
[*] progress 42,000/209,178 (20.1%) session=42,000 resumed=0 errors=0 rate=109.7/s eta=25.4m
[*] progress 42,300/209,178 (20.2%) session=42,300 resumed=0 errors=0 rate=110.2/s eta=25.2m
[*] progress 42,600/209,178 (20.4%) session=42,600 resumed=0 errors=0 rate=110.7/s eta=25.1m
[*] progress 42,900/209,178 (20.5%) session=42,900 resumed=0 errors=0 rate=111.3/s eta=24.9m
[*] progress 43,200/209,178 (20.7%) session=43,200 resumed=0 errors=0 rate=111.7/s eta=24.8m
[*] progress 43,500/209,178 (20.8%) session=43,500 resumed=0 errors=0 rate=109.7/s eta=25.2m
[*] progress 43,800/209,178 (20.9%) session=43,800 resumed=0 errors=0 rate=110.2/s eta=25.0m
[*] progress 44,100/209,178 (21.1%) session=44,100 resumed=0 errors=0 rate=110.7/s eta=24.8m
[*] progress 44,400/209,178 (21.2%) session=44,400 resumed=0 errors=0 rate=111.2/s eta=24.7m
[*] progress 44,700/209,178 (21.4%) session=44,700 resumed=0 errors=0 rate=111.6/s eta=24.6m
[*] progress 45,000/209,178 (21.5%) session=45,000 resumed=0 errors=0 rate=109.9/s eta=24.9m
[*] progress 45,300/209,178 (21.7%) session=45,300 resumed=0 errors=0 rate=110.1/s eta=24.8m
[*] progress 45,600/209,178 (21.8%) session=45,600 resumed=0 errors=0 rate=110.6/s eta=24.6m
[*] progress 45,900/209,178 (21.9%) session=45,900 resumed=0 errors=0 rate=111.1/s eta=24.5m
[*] progress 46,200/209,178 (22.1%) session=46,200 resumed=0 errors=0 rate=111.6/s eta=24.3m
[*] progress 46,500/209,178 (22.2%) session=46,500 resumed=0 errors=0 rate=109.9/s eta=24.7m
[*] progress 46,800/209,178 (22.4%) session=46,800 resumed=0 errors=0 rate=110.0/s eta=24.6m
[+++ VANITY_WEAK HIT] SALPH cbc pbkdf2-sha256-i10000/256 combo:scalar_sum
[*] progress 47,100/209,178 (22.5%) session=47,100 resumed=0 errors=0 rate=110.5/s eta=24.5m
[*] progress 47,400/209,178 (22.7%) session=47,400 resumed=0 errors=0 rate=110.9/s eta=24.3m
[*] progress 47,700/209,178 (22.8%) session=47,700 resumed=0 errors=0 rate=111.3/s eta=24.2m
[*] progress 48,000/209,178 (22.9%) session=48,000 resumed=0 errors=0 rate=111.6/s eta=24.1m
[*] progress 48,300/209,178 (23.1%) session=48,300 resumed=0 errors=0 rate=109.9/s eta=24.4m
[*] progress 48,600/209,178 (23.2%) session=48,600 resumed=0 errors=0 rate=110.2/s eta=24.3m
[*] progress 48,900/209,178 (23.4%) session=48,900 resumed=0 errors=0 rate=110.7/s eta=24.1m
[*] progress 49,200/209,178 (23.5%) session=49,200 resumed=0 errors=0 rate=111.1/s eta=24.0m
[*] progress 49,500/209,178 (23.7%) session=49,500 resumed=0 errors=0 rate=111.6/s eta=23.8m
[*] progress 49,800/209,178 (23.8%) session=49,800 resumed=0 errors=0 rate=110.1/s eta=24.1m
[*] progress 50,100/209,178 (24.0%) session=50,100 resumed=0 errors=0 rate=110.1/s eta=24.1m
[*] progress 50,400/209,178 (24.1%) session=50,400 resumed=0 errors=0 rate=110.6/s eta=23.9m
[*] progress 50,700/209,178 (24.2%) session=50,700 resumed=0 errors=0 rate=111.0/s eta=23.8m
[*] progress 51,000/209,178 (24.4%) session=51,000 resumed=0 errors=0 rate=111.5/s eta=23.7m
[*] progress 51,300/209,178 (24.5%) session=51,300 resumed=0 errors=0 rate=110.1/s eta=23.9m
[+++ VANITY_STRONG HIT] SALPH ecb sha1/128 combo:concat_hash_ab
[*] progress 51,600/209,178 (24.7%) session=51,600 resumed=0 errors=0 rate=110.1/s eta=23.9m
[*] progress 51,900/209,178 (24.8%) session=51,900 resumed=0 errors=0 rate=110.5/s eta=23.7m
[*] progress 52,200/209,178 (25.0%) session=52,200 resumed=0 errors=0 rate=110.9/s eta=23.6m
[*] progress 52,500/209,178 (25.1%) session=52,500 resumed=0 errors=0 rate=111.3/s eta=23.5m
[*] progress 52,800/209,178 (25.2%) session=52,800 resumed=0 errors=0 rate=111.6/s eta=23.4m
[*] progress 53,100/209,178 (25.4%) session=53,100 resumed=0 errors=0 rate=110.2/s eta=23.6m
[*] progress 53,400/209,178 (25.5%) session=53,400 resumed=0 errors=0 rate=110.4/s eta=23.5m
[*] progress 53,700/209,178 (25.7%) session=53,700 resumed=0 errors=0 rate=110.8/s eta=23.4m
[*] progress 54,000/209,178 (25.8%) session=54,000 resumed=0 errors=0 rate=111.2/s eta=23.3m
[*] progress 54,300/209,178 (26.0%) session=54,300 resumed=0 errors=0 rate=111.5/s eta=23.1m
[*] progress 54,600/209,178 (26.1%) session=54,600 resumed=0 errors=0 rate=110.2/s eta=23.4m
[+++ VANITY_WEAK HIT] P32TRAILING ecb pbkdf2-sha256-i10000/192 combo:scalar_sum
[*] progress 54,900/209,178 (26.2%) session=54,900 resumed=0 errors=0 rate=110.2/s eta=23.3m
[*] progress 55,200/209,178 (26.4%) session=55,200 resumed=0 errors=0 rate=110.5/s eta=23.2m
[*] progress 55,500/209,178 (26.5%) session=55,500 resumed=0 errors=0 rate=110.9/s eta=23.1m
[*] progress 55,800/209,178 (26.7%) session=55,800 resumed=0 errors=0 rate=111.3/s eta=23.0m
[*] progress 56,100/209,178 (26.8%) session=56,100 resumed=0 errors=0 rate=110.0/s eta=23.2m
[*] progress 56,400/209,178 (27.0%) session=56,400 resumed=0 errors=0 rate=110.1/s eta=23.1m
[*] progress 56,700/209,178 (27.1%) session=56,700 resumed=0 errors=0 rate=110.4/s eta=23.0m
[*] progress 57,000/209,178 (27.2%) session=57,000 resumed=0 errors=0 rate=110.8/s eta=22.9m
[*] progress 57,300/209,178 (27.4%) session=57,300 resumed=0 errors=0 rate=111.2/s eta=22.8m
[*] progress 57,600/209,178 (27.5%) session=57,600 resumed=0 errors=0 rate=111.2/s eta=22.7m
[*] progress 57,900/209,178 (27.7%) session=57,900 resumed=0 errors=0 rate=110.1/s eta=22.9m
[*] progress 58,200/209,178 (27.8%) session=58,200 resumed=0 errors=0 rate=110.3/s eta=22.8m
[*] progress 58,500/209,178 (28.0%) session=58,500 resumed=0 errors=0 rate=110.7/s eta=22.7m
[*] progress 58,800/209,178 (28.1%) session=58,800 resumed=0 errors=0 rate=111.1/s eta=22.6m
[*] progress 59,100/209,178 (28.3%) session=59,100 resumed=0 errors=0 rate=111.4/s eta=22.4m
[*] progress 59,400/209,178 (28.4%) session=59,400 resumed=0 errors=0 rate=110.2/s eta=22.7m
[*] progress 59,700/209,178 (28.5%) session=59,700 resumed=0 errors=0 rate=110.2/s eta=22.6m
[*] progress 60,000/209,178 (28.7%) session=60,000 resumed=0 errors=0 rate=110.6/s eta=22.5m
[*] progress 60,300/209,178 (28.8%) session=60,300 resumed=0 errors=0 rate=110.9/s eta=22.4m
[*] progress 60,600/209,178 (29.0%) session=60,600 resumed=0 errors=0 rate=111.3/s eta=22.3m
[*] progress 60,900/209,178 (29.1%) session=60,900 resumed=0 errors=0 rate=110.2/s eta=22.4m
[*] progress 61,200/209,178 (29.3%) session=61,200 resumed=0 errors=0 rate=110.1/s eta=22.4m
[+++ VANITY_WEAK HIT] P32TRAILING cbc pbkdf2-sha256-i10000/128 window@32
[*] progress 61,500/209,178 (29.4%) session=61,500 resumed=0 errors=0 rate=110.5/s eta=22.3m
[*] progress 61,800/209,178 (29.5%) session=61,800 resumed=0 errors=0 rate=110.8/s eta=22.2m
[*] progress 62,100/209,178 (29.7%) session=62,100 resumed=0 errors=0 rate=111.2/s eta=22.0m
[*] progress 62,400/209,178 (29.8%) session=62,400 resumed=0 errors=0 rate=110.9/s eta=22.1m
[*] progress 62,700/209,178 (30.0%) session=62,700 resumed=0 errors=0 rate=110.1/s eta=22.2m
[*] progress 63,000/209,178 (30.1%) session=63,000 resumed=0 errors=0 rate=110.3/s eta=22.1m
[*] progress 63,300/209,178 (30.3%) session=63,300 resumed=0 errors=0 rate=110.6/s eta=22.0m
[*] progress 63,600/209,178 (30.4%) session=63,600 resumed=0 errors=0 rate=111.0/s eta=21.9m
[*] progress 63,900/209,178 (30.5%) session=63,900 resumed=0 errors=0 rate=111.2/s eta=21.8m
[*] progress 64,200/209,178 (30.7%) session=64,200 resumed=0 errors=0 rate=109.8/s eta=22.0m
[*] progress 64,500/209,178 (30.8%) session=64,500 resumed=0 errors=0 rate=110.1/s eta=21.9m
[*] progress 64,800/209,178 (31.0%) session=64,800 resumed=0 errors=0 rate=110.4/s eta=21.8m
[*] progress 65,100/209,178 (31.1%) session=65,100 resumed=0 errors=0 rate=110.8/s eta=21.7m
[*] progress 65,400/209,178 (31.3%) session=65,400 resumed=0 errors=0 rate=111.1/s eta=21.6m
[*] progress 65,700/209,178 (31.4%) session=65,700 resumed=0 errors=0 rate=110.0/s eta=21.7m
[*] progress 66,000/209,178 (31.6%) session=66,000 resumed=0 errors=0 rate=110.1/s eta=21.7m
[*] progress 66,300/209,178 (31.7%) session=66,300 resumed=0 errors=0 rate=110.4/s eta=21.6m
[*] progress 66,600/209,178 (31.8%) session=66,600 resumed=0 errors=0 rate=110.7/s eta=21.5m
[*] progress 66,900/209,178 (32.0%) session=66,900 resumed=0 errors=0 rate=111.0/s eta=21.4m
[*] progress 67,200/209,178 (32.1%) session=67,200 resumed=0 errors=0 rate=110.5/s eta=21.4m
[*] progress 67,500/209,178 (32.3%) session=67,500 resumed=0 errors=0 rate=110.0/s eta=21.5m
[*] progress 67,800/209,178 (32.4%) session=67,800 resumed=0 errors=0 rate=110.3/s eta=21.4m
[*] progress 68,100/209,178 (32.6%) session=68,100 resumed=0 errors=0 rate=110.6/s eta=21.3m
[*] progress 68,400/209,178 (32.7%) session=68,400 resumed=0 errors=0 rate=110.9/s eta=21.2m
[*] progress 68,700/209,178 (32.8%) session=68,700 resumed=0 errors=0 rate=111.1/s eta=21.1m
[*] progress 69,000/209,178 (33.0%) session=69,000 resumed=0 errors=0 rate=109.9/s eta=21.3m
[*] progress 69,300/209,178 (33.1%) session=69,300 resumed=0 errors=0 rate=110.2/s eta=21.2m
[*] progress 69,600/209,178 (33.3%) session=69,600 resumed=0 errors=0 rate=110.3/s eta=21.1m
[*] progress 69,900/209,178 (33.4%) session=69,900 resumed=0 errors=0 rate=110.6/s eta=21.0m
[*] progress 70,200/209,178 (33.6%) session=70,200 resumed=0 errors=0 rate=110.9/s eta=20.9m
[*] progress 70,500/209,178 (33.7%) session=70,500 resumed=0 errors=0 rate=109.9/s eta=21.0m
[*] progress 70,800/209,178 (33.8%) session=70,800 resumed=0 errors=0 rate=110.1/s eta=21.0m
[*] progress 71,100/209,178 (34.0%) session=71,100 resumed=0 errors=0 rate=110.3/s eta=20.9m
[*] progress 71,400/209,178 (34.1%) session=71,400 resumed=0 errors=0 rate=110.7/s eta=20.8m
[*] progress 71,700/209,178 (34.3%) session=71,700 resumed=0 errors=0 rate=111.0/s eta=20.6m
[*] progress 72,000/209,178 (34.4%) session=72,000 resumed=0 errors=0 rate=110.3/s eta=20.7m
[*] progress 72,300/209,178 (34.6%) session=72,300 resumed=0 errors=0 rate=110.0/s eta=20.7m
[*] progress 72,600/209,178 (34.7%) session=72,600 resumed=0 errors=0 rate=110.3/s eta=20.6m
[*] progress 72,900/209,178 (34.9%) session=72,900 resumed=0 errors=0 rate=110.6/s eta=20.5m
[*] progress 73,200/209,178 (35.0%) session=73,200 resumed=0 errors=0 rate=110.9/s eta=20.4m
[+++ VANITY_WEAK HIT] P32TRAILING cbc md5+3des/128 window@16
[*] progress 73,500/209,178 (35.1%) session=73,500 resumed=0 errors=0 rate=110.9/s eta=20.4m
[*] progress 73,800/209,178 (35.3%) session=73,800 resumed=0 errors=0 rate=110.0/s eta=20.5m
[*] progress 74,100/209,178 (35.4%) session=74,100 resumed=0 errors=0 rate=110.2/s eta=20.4m
[*] progress 74,400/209,178 (35.6%) session=74,400 resumed=0 errors=0 rate=110.5/s eta=20.3m
[*] progress 74,700/209,178 (35.7%) session=74,700 resumed=0 errors=0 rate=110.8/s eta=20.2m
[*] progress 75,000/209,178 (35.9%) session=75,000 resumed=0 errors=0 rate=111.0/s eta=20.1m
[*] progress 75,300/209,178 (36.0%) session=75,300 resumed=0 errors=0 rate=110.0/s eta=20.3m
[*] progress 75,600/209,178 (36.1%) session=75,600 resumed=0 errors=0 rate=110.2/s eta=20.2m
[*] progress 75,900/209,178 (36.3%) session=75,900 resumed=0 errors=0 rate=110.5/s eta=20.1m
[*] progress 76,200/209,178 (36.4%) session=76,200 resumed=0 errors=0 rate=110.7/s eta=20.0m
[*] progress 76,500/209,178 (36.6%) session=76,500 resumed=0 errors=0 rate=111.0/s eta=19.9m
[*] progress 76,800/209,178 (36.7%) session=76,800 resumed=0 errors=0 rate=110.4/s eta=20.0m
[*] progress 77,100/209,178 (36.9%) session=77,100 resumed=0 errors=0 rate=110.1/s eta=20.0m
[*] progress 77,400/209,178 (37.0%) session=77,400 resumed=0 errors=0 rate=110.4/s eta=19.9m
[*] progress 77,700/209,178 (37.1%) session=77,700 resumed=0 errors=0 rate=110.7/s eta=19.8m
[*] progress 78,000/209,178 (37.3%) session=78,000 resumed=0 errors=0 rate=111.0/s eta=19.7m
[*] progress 78,300/209,178 (37.4%) session=78,300 resumed=0 errors=0 rate=111.0/s eta=19.7m
[*] progress 78,600/209,178 (37.6%) session=78,600 resumed=0 errors=0 rate=110.2/s eta=19.8m
[*] progress 78,900/209,178 (37.7%) session=78,900 resumed=0 errors=0 rate=110.4/s eta=19.7m
[*] progress 79,200/209,178 (37.9%) session=79,200 resumed=0 errors=0 rate=110.6/s eta=19.6m
[*] progress 79,500/209,178 (38.0%) session=79,500 resumed=0 errors=0 rate=110.9/s eta=19.5m
[*] progress 79,800/209,178 (38.1%) session=79,800 resumed=0 errors=0 rate=111.0/s eta=19.4m
[*] progress 80,100/209,178 (38.3%) session=80,100 resumed=0 errors=0 rate=110.2/s eta=19.5m
[*] progress 80,400/209,178 (38.4%) session=80,400 resumed=0 errors=0 rate=110.4/s eta=19.4m
[*] progress 80,700/209,178 (38.6%) session=80,700 resumed=0 errors=0 rate=110.6/s eta=19.4m
[*] progress 81,000/209,178 (38.7%) session=81,000 resumed=0 errors=0 rate=110.8/s eta=19.3m
[*] progress 81,300/209,178 (38.9%) session=81,300 resumed=0 errors=0 rate=111.1/s eta=19.2m
[*] progress 81,600/209,178 (39.0%) session=81,600 resumed=0 errors=0 rate=110.5/s eta=19.2m
[*] progress 81,900/209,178 (39.2%) session=81,900 resumed=0 errors=0 rate=110.3/s eta=19.2m
[*] progress 82,200/209,178 (39.3%) session=82,200 resumed=0 errors=0 rate=110.5/s eta=19.2m
[*] progress 82,500/209,178 (39.4%) session=82,500 resumed=0 errors=0 rate=110.8/s eta=19.1m
[*] progress 82,800/209,178 (39.6%) session=82,800 resumed=0 errors=0 rate=111.0/s eta=19.0m
[*] progress 83,100/209,178 (39.7%) session=83,100 resumed=0 errors=0 rate=111.0/s eta=18.9m
[*] progress 83,400/209,178 (39.9%) session=83,400 resumed=0 errors=0 rate=110.2/s eta=19.0m
[*] progress 83,700/209,178 (40.0%) session=83,700 resumed=0 errors=0 rate=110.4/s eta=18.9m
[*] progress 84,000/209,178 (40.2%) session=84,000 resumed=0 errors=0 rate=110.4/s eta=18.9m
[*] progress 84,300/209,178 (40.3%) session=84,300 resumed=0 errors=0 rate=110.7/s eta=18.8m
[*] progress 84,600/209,178 (40.4%) session=84,600 resumed=0 errors=0 rate=110.9/s eta=18.7m
[*] progress 84,900/209,178 (40.6%) session=84,900 resumed=0 errors=0 rate=110.1/s eta=18.8m
[*] progress 85,200/209,178 (40.7%) session=85,200 resumed=0 errors=0 rate=110.3/s eta=18.7m
[*] progress 85,500/209,178 (40.9%) session=85,500 resumed=0 errors=0 rate=110.4/s eta=18.7m
[*] progress 85,800/209,178 (41.0%) session=85,800 resumed=0 errors=0 rate=110.6/s eta=18.6m
[*] progress 86,100/209,178 (41.2%) session=86,100 resumed=0 errors=0 rate=110.7/s eta=18.5m
[*] progress 86,400/209,178 (41.3%) session=86,400 resumed=0 errors=0 rate=110.5/s eta=18.5m
[*] progress 86,700/209,178 (41.4%) session=86,700 resumed=0 errors=0 rate=110.2/s eta=18.5m
[*] progress 87,000/209,178 (41.6%) session=87,000 resumed=0 errors=0 rate=110.3/s eta=18.5m
[*] progress 87,300/209,178 (41.7%) session=87,300 resumed=0 errors=0 rate=110.5/s eta=18.4m
[*] progress 87,600/209,178 (41.9%) session=87,600 resumed=0 errors=0 rate=110.7/s eta=18.3m
[*] progress 87,900/209,178 (42.0%) session=87,900 resumed=0 errors=0 rate=110.6/s eta=18.3m
[*] progress 88,200/209,178 (42.2%) session=88,200 resumed=0 errors=0 rate=110.2/s eta=18.3m
[*] progress 88,500/209,178 (42.3%) session=88,500 resumed=0 errors=0 rate=110.4/s eta=18.2m
[*] progress 88,800/209,178 (42.5%) session=88,800 resumed=0 errors=0 rate=110.5/s eta=18.2m
[*] progress 89,100/209,178 (42.6%) session=89,100 resumed=0 errors=0 rate=110.7/s eta=18.1m
[*] progress 89,400/209,178 (42.7%) session=89,400 resumed=0 errors=0 rate=110.8/s eta=18.0m
[*] progress 89,700/209,178 (42.9%) session=89,700 resumed=0 errors=0 rate=110.1/s eta=18.1m
[*] progress 90,000/209,178 (43.0%) session=90,000 resumed=0 errors=0 rate=110.3/s eta=18.0m
[*] progress 90,300/209,178 (43.2%) session=90,300 resumed=0 errors=0 rate=110.4/s eta=17.9m
[*] progress 90,600/209,178 (43.3%) session=90,600 resumed=0 errors=0 rate=110.6/s eta=17.9m
[*] progress 90,900/209,178 (43.5%) session=90,900 resumed=0 errors=0 rate=110.8/s eta=17.8m
[*] progress 91,200/209,178 (43.6%) session=91,200 resumed=0 errors=0 rate=110.6/s eta=17.8m
[*] progress 91,500/209,178 (43.7%) session=91,500 resumed=0 errors=0 rate=110.3/s eta=17.8m
[*] progress 91,800/209,178 (43.9%) session=91,800 resumed=0 errors=0 rate=110.4/s eta=17.7m
[*] progress 92,100/209,178 (44.0%) session=92,100 resumed=0 errors=0 rate=110.6/s eta=17.6m
[*] progress 92,400/209,178 (44.2%) session=92,400 resumed=0 errors=0 rate=110.7/s eta=17.6m
[*] progress 92,700/209,178 (44.3%) session=92,700 resumed=0 errors=0 rate=110.5/s eta=17.6m
[*] progress 93,000/209,178 (44.5%) session=93,000 resumed=0 errors=0 rate=110.2/s eta=17.6m
[*] progress 93,300/209,178 (44.6%) session=93,300 resumed=0 errors=0 rate=110.4/s eta=17.5m
[*] progress 93,600/209,178 (44.7%) session=93,600 resumed=0 errors=0 rate=110.6/s eta=17.4m
[*] progress 93,900/209,178 (44.9%) session=93,900 resumed=0 errors=0 rate=110.6/s eta=17.4m
[*] progress 94,200/209,178 (45.0%) session=94,200 resumed=0 errors=0 rate=110.8/s eta=17.3m
[*] progress 94,500/209,178 (45.2%) session=94,500 resumed=0 errors=0 rate=110.2/s eta=17.4m
[*] progress 94,800/209,178 (45.3%) session=94,800 resumed=0 errors=0 rate=110.2/s eta=17.3m
[*] progress 95,100/209,178 (45.5%) session=95,100 resumed=0 errors=0 rate=110.5/s eta=17.2m
[*] progress 95,400/209,178 (45.6%) session=95,400 resumed=0 errors=0 rate=110.5/s eta=17.2m
[*] progress 95,700/209,178 (45.8%) session=95,700 resumed=0 errors=0 rate=110.7/s eta=17.1m
[*] progress 96,000/209,178 (45.9%) session=96,000 resumed=0 errors=0 rate=110.5/s eta=17.1m
[*] progress 96,300/209,178 (46.0%) session=96,300 resumed=0 errors=0 rate=110.2/s eta=17.1m
[*] progress 96,600/209,178 (46.2%) session=96,600 resumed=0 errors=0 rate=110.4/s eta=17.0m
[*] progress 96,900/209,178 (46.3%) session=96,900 resumed=0 errors=0 rate=110.4/s eta=16.9m
[*] progress 97,200/209,178 (46.5%) session=97,200 resumed=0 errors=0 rate=110.7/s eta=16.9m
[*] progress 97,500/209,178 (46.6%) session=97,500 resumed=0 errors=0 rate=110.5/s eta=16.8m
[*] progress 97,800/209,178 (46.8%) session=97,800 resumed=0 errors=0 rate=110.2/s eta=16.9m
[*] progress 98,100/209,178 (46.9%) session=98,100 resumed=0 errors=0 rate=110.3/s eta=16.8m
[*] progress 98,400/209,178 (47.0%) session=98,400 resumed=0 errors=0 rate=110.5/s eta=16.7m
[*] progress 98,700/209,178 (47.2%) session=98,700 resumed=0 errors=0 rate=110.6/s eta=16.7m
[*] progress 99,000/209,178 (47.3%) session=99,000 resumed=0 errors=0 rate=110.8/s eta=16.6m
[*] progress 99,300/209,178 (47.5%) session=99,300 resumed=0 errors=0 rate=110.1/s eta=16.6m
[*] progress 99,600/209,178 (47.6%) session=99,600 resumed=0 errors=0 rate=110.3/s eta=16.6m
[*] progress 99,900/209,178 (47.8%) session=99,900 resumed=0 errors=0 rate=110.5/s eta=16.5m
[*] progress 100,200/209,178 (47.9%) session=100,200 resumed=0 errors=0 rate=110.5/s eta=16.4m
[*] progress 100,500/209,178 (48.0%) session=100,500 resumed=0 errors=0 rate=110.7/s eta=16.4m
[*] progress 100,800/209,178 (48.2%) session=100,800 resumed=0 errors=0 rate=110.6/s eta=16.3m
[*] progress 101,100/209,178 (48.3%) session=101,100 resumed=0 errors=0 rate=110.3/s eta=16.3m
[*] progress 101,400/209,178 (48.5%) session=101,400 resumed=0 errors=0 rate=110.5/s eta=16.3m
[*] progress 101,700/209,178 (48.6%) session=101,700 resumed=0 errors=0 rate=110.5/s eta=16.2m
[*] progress 102,000/209,178 (48.8%) session=102,000 resumed=0 errors=0 rate=110.7/s eta=16.1m
[*] progress 102,300/209,178 (48.9%) session=102,300 resumed=0 errors=0 rate=110.5/s eta=16.1m
[*] progress 102,600/209,178 (49.0%) session=102,600 resumed=0 errors=0 rate=110.3/s eta=16.1m
[*] progress 102,900/209,178 (49.2%) session=102,900 resumed=0 errors=0 rate=110.4/s eta=16.0m
[*] progress 103,200/209,178 (49.3%) session=103,200 resumed=0 errors=0 rate=110.6/s eta=16.0m
[*] progress 103,500/209,178 (49.5%) session=103,500 resumed=0 errors=0 rate=110.6/s eta=15.9m
[*] progress 103,800/209,178 (49.6%) session=103,800 resumed=0 errors=0 rate=110.8/s eta=15.9m
[*] progress 104,100/209,178 (49.8%) session=104,100 resumed=0 errors=0 rate=110.3/s eta=15.9m
[*] progress 104,400/209,178 (49.9%) session=104,400 resumed=0 errors=0 rate=110.4/s eta=15.8m
[*] progress 104,700/209,178 (50.1%) session=104,700 resumed=0 errors=0 rate=110.5/s eta=15.8m
[*] progress 105,000/209,178 (50.2%) session=105,000 resumed=0 errors=0 rate=110.6/s eta=15.7m
[+++ VANITY_WEAK HIT] SALPH ecb md5/192 window@32
[*] progress 105,300/209,178 (50.3%) session=105,300 resumed=0 errors=0 rate=110.7/s eta=15.6m
[*] progress 105,600/209,178 (50.5%) session=105,600 resumed=0 errors=0 rate=110.6/s eta=15.6m
[*] progress 105,900/209,178 (50.6%) session=105,900 resumed=0 errors=0 rate=110.4/s eta=15.6m
[*] progress 106,200/209,178 (50.8%) session=106,200 resumed=0 errors=0 rate=110.5/s eta=15.5m
[*] progress 106,500/209,178 (50.9%) session=106,500 resumed=0 errors=0 rate=110.5/s eta=15.5m
[*] progress 106,800/209,178 (51.1%) session=106,800 resumed=0 errors=0 rate=110.7/s eta=15.4m
[*] progress 107,100/209,178 (51.2%) session=107,100 resumed=0 errors=0 rate=110.6/s eta=15.4m
[*] progress 107,400/209,178 (51.3%) session=107,400 resumed=0 errors=0 rate=110.4/s eta=15.4m
[*] progress 107,700/209,178 (51.5%) session=107,700 resumed=0 errors=0 rate=110.4/s eta=15.3m
[+++ VANITY_WEAK HIT] SALPH cbc sha1+3des/64 combo:scalar_sum
[*] progress 108,000/209,178 (51.6%) session=108,000 resumed=0 errors=0 rate=110.6/s eta=15.2m
[*] progress 108,300/209,178 (51.8%) session=108,300 resumed=0 errors=0 rate=110.7/s eta=15.2m
[*] progress 108,600/209,178 (51.9%) session=108,600 resumed=0 errors=0 rate=110.7/s eta=15.1m
[+++ BLOOM HIT] SALPH cbc sha1+3des/64 combo:concat_hash_ab
[*] progress 108,900/209,178 (52.1%) session=108,900 resumed=0 errors=0 rate=110.3/s eta=15.2m
[*] progress 109,200/209,178 (52.2%) session=109,200 resumed=0 errors=0 rate=110.4/s eta=15.1m
[*] progress 109,500/209,178 (52.3%) session=109,500 resumed=0 errors=0 rate=110.6/s eta=15.0m
[*] progress 109,800/209,178 (52.5%) session=109,800 resumed=0 errors=0 rate=110.6/s eta=15.0m
[*] progress 110,100/209,178 (52.6%) session=110,100 resumed=0 errors=0 rate=110.7/s eta=14.9m
[*] progress 110,400/209,178 (52.8%) session=110,400 resumed=0 errors=0 rate=110.7/s eta=14.9m
[*] progress 110,700/209,178 (52.9%) session=110,700 resumed=0 errors=0 rate=110.5/s eta=14.9m
[*] progress 111,000/209,178 (53.1%) session=111,000 resumed=0 errors=0 rate=110.5/s eta=14.8m
[*] progress 111,300/209,178 (53.2%) session=111,300 resumed=0 errors=0 rate=110.6/s eta=14.8m
[*] progress 111,600/209,178 (53.4%) session=111,600 resumed=0 errors=0 rate=110.7/s eta=14.7m
[*] progress 111,900/209,178 (53.5%) session=111,900 resumed=0 errors=0 rate=110.7/s eta=14.7m
[*] progress 112,200/209,178 (53.6%) session=112,200 resumed=0 errors=0 rate=110.5/s eta=14.6m
[*] progress 112,500/209,178 (53.8%) session=112,500 resumed=0 errors=0 rate=110.5/s eta=14.6m
[*] progress 112,800/209,178 (53.9%) session=112,800 resumed=0 errors=0 rate=110.7/s eta=14.5m
[*] progress 113,100/209,178 (54.1%) session=113,100 resumed=0 errors=0 rate=110.7/s eta=14.5m
[*] progress 113,400/209,178 (54.2%) session=113,400 resumed=0 errors=0 rate=110.8/s eta=14.4m
[*] progress 113,700/209,178 (54.4%) session=113,700 resumed=0 errors=0 rate=110.4/s eta=14.4m
[*] progress 114,000/209,178 (54.5%) session=114,000 resumed=0 errors=0 rate=110.5/s eta=14.4m
[*] progress 114,300/209,178 (54.6%) session=114,300 resumed=0 errors=0 rate=110.7/s eta=14.3m
[*] progress 114,600/209,178 (54.8%) session=114,600 resumed=0 errors=0 rate=110.7/s eta=14.2m
[*] progress 114,900/209,178 (54.9%) session=114,900 resumed=0 errors=0 rate=110.8/s eta=14.2m
[*] progress 115,200/209,178 (55.1%) session=115,200 resumed=0 errors=0 rate=110.8/s eta=14.1m
[*] progress 115,500/209,178 (55.2%) session=115,500 resumed=0 errors=0 rate=110.6/s eta=14.1m
[*] progress 115,800/209,178 (55.4%) session=115,800 resumed=0 errors=0 rate=110.7/s eta=14.1m
[*] progress 116,100/209,178 (55.5%) session=116,100 resumed=0 errors=0 rate=110.7/s eta=14.0m
[*] progress 116,400/209,178 (55.6%) session=116,400 resumed=0 errors=0 rate=110.7/s eta=14.0m
[*] progress 116,700/209,178 (55.8%) session=116,700 resumed=0 errors=0 rate=110.8/s eta=13.9m
[*] progress 117,000/209,178 (55.9%) session=117,000 resumed=0 errors=0 rate=110.6/s eta=13.9m
[*] progress 117,300/209,178 (56.1%) session=117,300 resumed=0 errors=0 rate=110.6/s eta=13.8m
[*] progress 117,600/209,178 (56.2%) session=117,600 resumed=0 errors=0 rate=110.7/s eta=13.8m
[*] progress 117,900/209,178 (56.4%) session=117,900 resumed=0 errors=0 rate=110.8/s eta=13.7m
[*] progress 118,200/209,178 (56.5%) session=118,200 resumed=0 errors=0 rate=110.9/s eta=13.7m
[*] progress 118,500/209,178 (56.7%) session=118,500 resumed=0 errors=0 rate=110.5/s eta=13.7m
[*] progress 118,800/209,178 (56.8%) session=118,800 resumed=0 errors=0 rate=110.6/s eta=13.6m
[*] progress 119,100/209,178 (56.9%) session=119,100 resumed=0 errors=0 rate=110.8/s eta=13.6m
[*] progress 119,400/209,178 (57.1%) session=119,400 resumed=0 errors=0 rate=110.8/s eta=13.5m
[*] progress 119,700/209,178 (57.2%) session=119,700 resumed=0 errors=0 rate=110.9/s eta=13.4m
[*] progress 120,000/209,178 (57.4%) session=120,000 resumed=0 errors=0 rate=110.9/s eta=13.4m
[*] progress 120,300/209,178 (57.5%) session=120,300 resumed=0 errors=0 rate=110.7/s eta=13.4m
[*] progress 120,600/209,178 (57.7%) session=120,600 resumed=0 errors=0 rate=110.8/s eta=13.3m
[*] progress 120,900/209,178 (57.8%) session=120,900 resumed=0 errors=0 rate=110.8/s eta=13.3m
[*] progress 121,200/209,178 (57.9%) session=121,200 resumed=0 errors=0 rate=110.9/s eta=13.2m
[*] progress 121,500/209,178 (58.1%) session=121,500 resumed=0 errors=0 rate=110.9/s eta=13.2m
[*] progress 121,800/209,178 (58.2%) session=121,800 resumed=0 errors=0 rate=110.6/s eta=13.2m
[*] progress 122,100/209,178 (58.4%) session=122,100 resumed=0 errors=0 rate=110.7/s eta=13.1m
[*] progress 122,400/209,178 (58.5%) session=122,400 resumed=0 errors=0 rate=110.8/s eta=13.1m
[*] progress 122,700/209,178 (58.7%) session=122,700 resumed=0 errors=0 rate=110.9/s eta=13.0m
[*] progress 123,000/209,178 (58.8%) session=123,000 resumed=0 errors=0 rate=111.0/s eta=12.9m
[*] progress 123,300/209,178 (58.9%) session=123,300 resumed=0 errors=0 rate=110.6/s eta=12.9m
[*] progress 123,600/209,178 (59.1%) session=123,600 resumed=0 errors=0 rate=110.7/s eta=12.9m
[*] progress 123,900/209,178 (59.2%) session=123,900 resumed=0 errors=0 rate=110.9/s eta=12.8m
[*] progress 124,200/209,178 (59.4%) session=124,200 resumed=0 errors=0 rate=110.9/s eta=12.8m
[*] progress 124,500/209,178 (59.5%) session=124,500 resumed=0 errors=0 rate=110.9/s eta=12.7m
[*] progress 124,800/209,178 (59.7%) session=124,800 resumed=0 errors=0 rate=111.0/s eta=12.7m
[*] progress 125,100/209,178 (59.8%) session=125,100 resumed=0 errors=0 rate=110.7/s eta=12.7m
[*] progress 125,400/209,178 (59.9%) session=125,400 resumed=0 errors=0 rate=110.9/s eta=12.6m
[*] progress 125,700/209,178 (60.1%) session=125,700 resumed=0 errors=0 rate=110.9/s eta=12.5m
[*] progress 126,000/209,178 (60.2%) session=126,000 resumed=0 errors=0 rate=111.0/s eta=12.5m
[*] progress 126,300/209,178 (60.4%) session=126,300 resumed=0 errors=0 rate=111.0/s eta=12.4m
[*] progress 126,600/209,178 (60.5%) session=126,600 resumed=0 errors=0 rate=110.7/s eta=12.4m
[*] progress 126,900/209,178 (60.7%) session=126,900 resumed=0 errors=0 rate=110.8/s eta=12.4m
[*] progress 127,200/209,178 (60.8%) session=127,200 resumed=0 errors=0 rate=110.9/s eta=12.3m
[*] progress 127,500/209,178 (61.0%) session=127,500 resumed=0 errors=0 rate=111.0/s eta=12.3m
[*] progress 127,800/209,178 (61.1%) session=127,800 resumed=0 errors=0 rate=111.1/s eta=12.2m
[*] progress 128,100/209,178 (61.2%) session=128,100 resumed=0 errors=0 rate=110.7/s eta=12.2m
[*] progress 128,400/209,178 (61.4%) session=128,400 resumed=0 errors=0 rate=110.8/s eta=12.1m
[*] progress 128,700/209,178 (61.5%) session=128,700 resumed=0 errors=0 rate=111.0/s eta=12.1m
[*] progress 129,000/209,178 (61.7%) session=129,000 resumed=0 errors=0 rate=111.0/s eta=12.0m
[*] progress 129,300/209,178 (61.8%) session=129,300 resumed=0 errors=0 rate=111.0/s eta=12.0m
[*] progress 129,600/209,178 (62.0%) session=129,600 resumed=0 errors=0 rate=111.1/s eta=11.9m
[*] progress 129,900/209,178 (62.1%) session=129,900 resumed=0 errors=0 rate=110.8/s eta=11.9m
[+++ BLOOM HIT] P32TRAILING cbc md5/256 window@48
[*] progress 130,200/209,178 (62.2%) session=130,200 resumed=0 errors=0 rate=110.9/s eta=11.9m
[*] progress 130,500/209,178 (62.4%) session=130,500 resumed=0 errors=0 rate=111.0/s eta=11.8m
[*] progress 130,800/209,178 (62.5%) session=130,800 resumed=0 errors=0 rate=111.1/s eta=11.8m
[*] progress 131,100/209,178 (62.7%) session=131,100 resumed=0 errors=0 rate=111.1/s eta=11.7m
[*] progress 131,400/209,178 (62.8%) session=131,400 resumed=0 errors=0 rate=110.8/s eta=11.7m
[*] progress 131,700/209,178 (63.0%) session=131,700 resumed=0 errors=0 rate=110.9/s eta=11.6m
[*] progress 132,000/209,178 (63.1%) session=132,000 resumed=0 errors=0 rate=111.0/s eta=11.6m
[*] progress 132,300/209,178 (63.2%) session=132,300 resumed=0 errors=0 rate=111.0/s eta=11.5m
[*] progress 132,600/209,178 (63.4%) session=132,600 resumed=0 errors=0 rate=111.1/s eta=11.5m
[*] progress 132,900/209,178 (63.5%) session=132,900 resumed=0 errors=0 rate=110.8/s eta=11.5m
[*] progress 133,200/209,178 (63.7%) session=133,200 resumed=0 errors=0 rate=110.9/s eta=11.4m
[*] progress 133,500/209,178 (63.8%) session=133,500 resumed=0 errors=0 rate=111.0/s eta=11.4m
[*] progress 133,800/209,178 (64.0%) session=133,800 resumed=0 errors=0 rate=111.0/s eta=11.3m
[*] progress 134,100/209,178 (64.1%) session=134,100 resumed=0 errors=0 rate=111.0/s eta=11.3m
[*] progress 134,400/209,178 (64.3%) session=134,400 resumed=0 errors=0 rate=111.1/s eta=11.2m
[*] progress 134,700/209,178 (64.4%) session=134,700 resumed=0 errors=0 rate=110.9/s eta=11.2m
[*] progress 135,000/209,178 (64.5%) session=135,000 resumed=0 errors=0 rate=111.0/s eta=11.1m
[*] progress 135,300/209,178 (64.7%) session=135,300 resumed=0 errors=0 rate=111.0/s eta=11.1m
[*] progress 135,600/209,178 (64.8%) session=135,600 resumed=0 errors=0 rate=111.0/s eta=11.0m
[*] progress 135,900/209,178 (65.0%) session=135,900 resumed=0 errors=0 rate=111.2/s eta=11.0m
[*] progress 136,200/209,178 (65.1%) session=136,200 resumed=0 errors=0 rate=110.9/s eta=11.0m
[*] progress 136,500/209,178 (65.3%) session=136,500 resumed=0 errors=0 rate=110.9/s eta=10.9m
[*] progress 136,800/209,178 (65.4%) session=136,800 resumed=0 errors=0 rate=111.1/s eta=10.9m
[*] progress 137,100/209,178 (65.5%) session=137,100 resumed=0 errors=0 rate=111.0/s eta=10.8m
[*] progress 137,400/209,178 (65.7%) session=137,400 resumed=0 errors=0 rate=111.1/s eta=10.8m
[*] progress 137,700/209,178 (65.8%) session=137,700 resumed=0 errors=0 rate=110.8/s eta=10.7m
[*] progress 138,000/209,178 (66.0%) session=138,000 resumed=0 errors=0 rate=110.9/s eta=10.7m
[*] progress 138,300/209,178 (66.1%) session=138,300 resumed=0 errors=0 rate=111.0/s eta=10.6m
[*] progress 138,600/209,178 (66.3%) session=138,600 resumed=0 errors=0 rate=111.0/s eta=10.6m
[*] progress 138,900/209,178 (66.4%) session=138,900 resumed=0 errors=0 rate=111.0/s eta=10.5m
[*] progress 139,200/209,178 (66.5%) session=139,200 resumed=0 errors=0 rate=111.1/s eta=10.5m
[*] progress 139,500/209,178 (66.7%) session=139,500 resumed=0 errors=0 rate=110.9/s eta=10.5m
[*] progress 139,800/209,178 (66.8%) session=139,800 resumed=0 errors=0 rate=111.0/s eta=10.4m
[*] progress 140,100/209,178 (67.0%) session=140,100 resumed=0 errors=0 rate=111.0/s eta=10.4m
[*] progress 140,400/209,178 (67.1%) session=140,400 resumed=0 errors=0 rate=111.0/s eta=10.3m
[*] progress 140,700/209,178 (67.3%) session=140,700 resumed=0 errors=0 rate=111.1/s eta=10.3m
[*] progress 141,000/209,178 (67.4%) session=141,000 resumed=0 errors=0 rate=110.9/s eta=10.2m
[*] progress 141,300/209,178 (67.6%) session=141,300 resumed=0 errors=0 rate=111.0/s eta=10.2m
[*] progress 141,600/209,178 (67.7%) session=141,600 resumed=0 errors=0 rate=111.1/s eta=10.1m
[*] progress 141,900/209,178 (67.8%) session=141,900 resumed=0 errors=0 rate=111.1/s eta=10.1m
[*] progress 142,200/209,178 (68.0%) session=142,200 resumed=0 errors=0 rate=111.1/s eta=10.0m
[*] progress 142,500/209,178 (68.1%) session=142,500 resumed=0 errors=0 rate=110.9/s eta=10.0m
[*] progress 142,800/209,178 (68.3%) session=142,800 resumed=0 errors=0 rate=111.0/s eta=10.0m
[*] progress 143,100/209,178 (68.4%) session=143,100 resumed=0 errors=0 rate=111.1/s eta=9.9m
[*] progress 143,400/209,178 (68.6%) session=143,400 resumed=0 errors=0 rate=111.0/s eta=9.9m
[*] progress 143,700/209,178 (68.7%) session=143,700 resumed=0 errors=0 rate=111.1/s eta=9.8m
[*] progress 144,000/209,178 (68.8%) session=144,000 resumed=0 errors=0 rate=111.1/s eta=9.8m
[*] progress 144,300/209,178 (69.0%) session=144,300 resumed=0 errors=0 rate=110.9/s eta=9.7m
[*] progress 144,600/209,178 (69.1%) session=144,600 resumed=0 errors=0 rate=111.1/s eta=9.7m
[*] progress 144,900/209,178 (69.3%) session=144,900 resumed=0 errors=0 rate=111.0/s eta=9.6m
[*] progress 145,200/209,178 (69.4%) session=145,200 resumed=0 errors=0 rate=111.1/s eta=9.6m
[*] progress 145,500/209,178 (69.6%) session=145,500 resumed=0 errors=0 rate=111.2/s eta=9.5m
[*] progress 145,800/209,178 (69.7%) session=145,800 resumed=0 errors=0 rate=111.0/s eta=9.5m
[*] progress 146,100/209,178 (69.8%) session=146,100 resumed=0 errors=0 rate=111.1/s eta=9.5m
[*] progress 146,400/209,178 (70.0%) session=146,400 resumed=0 errors=0 rate=111.2/s eta=9.4m
[+++ BLOOM HIT] SALPH cbc md5+3des/64 combo:concat_hash_ab
[*] progress 146,700/209,178 (70.1%) session=146,700 resumed=0 errors=0 rate=111.1/s eta=9.4m
[*] progress 147,000/209,178 (70.3%) session=147,000 resumed=0 errors=0 rate=111.2/s eta=9.3m
[*] progress 147,300/209,178 (70.4%) session=147,300 resumed=0 errors=0 rate=110.9/s eta=9.3m
[*] progress 147,600/209,178 (70.6%) session=147,600 resumed=0 errors=0 rate=111.0/s eta=9.2m
[*] progress 147,900/209,178 (70.7%) session=147,900 resumed=0 errors=0 rate=111.1/s eta=9.2m
[*] progress 148,200/209,178 (70.8%) session=148,200 resumed=0 errors=0 rate=111.1/s eta=9.2m
[*] progress 148,500/209,178 (71.0%) session=148,500 resumed=0 errors=0 rate=111.1/s eta=9.1m
[*] progress 148,800/209,178 (71.1%) session=148,800 resumed=0 errors=0 rate=111.1/s eta=9.1m
[*] progress 149,100/209,178 (71.3%) session=149,100 resumed=0 errors=0 rate=111.0/s eta=9.0m
[*] progress 149,400/209,178 (71.4%) session=149,400 resumed=0 errors=0 rate=111.1/s eta=9.0m
[*] progress 149,700/209,178 (71.6%) session=149,700 resumed=0 errors=0 rate=111.0/s eta=8.9m
[*] progress 150,000/209,178 (71.7%) session=150,000 resumed=0 errors=0 rate=111.1/s eta=8.9m
[*] progress 150,300/209,178 (71.9%) session=150,300 resumed=0 errors=0 rate=111.1/s eta=8.8m
[*] progress 150,600/209,178 (72.0%) session=150,600 resumed=0 errors=0 rate=111.0/s eta=8.8m
[*] progress 150,900/209,178 (72.1%) session=150,900 resumed=0 errors=0 rate=111.1/s eta=8.7m
[*] progress 151,200/209,178 (72.3%) session=151,200 resumed=0 errors=0 rate=111.1/s eta=8.7m
[*] progress 151,500/209,178 (72.4%) session=151,500 resumed=0 errors=0 rate=111.1/s eta=8.7m
[*] progress 151,800/209,178 (72.6%) session=151,800 resumed=0 errors=0 rate=111.1/s eta=8.6m
[*] progress 152,100/209,178 (72.7%) session=152,100 resumed=0 errors=0 rate=110.9/s eta=8.6m
[*] progress 152,400/209,178 (72.9%) session=152,400 resumed=0 errors=0 rate=111.0/s eta=8.5m
[*] progress 152,700/209,178 (73.0%) session=152,700 resumed=0 errors=0 rate=111.1/s eta=8.5m
[*] progress 153,000/209,178 (73.1%) session=153,000 resumed=0 errors=0 rate=111.0/s eta=8.4m
[*] progress 153,300/209,178 (73.3%) session=153,300 resumed=0 errors=0 rate=111.0/s eta=8.4m
[*] progress 153,600/209,178 (73.4%) session=153,600 resumed=0 errors=0 rate=111.1/s eta=8.3m
[*] progress 153,900/209,178 (73.6%) session=153,900 resumed=0 errors=0 rate=111.0/s eta=8.3m
[*] progress 154,200/209,178 (73.7%) session=154,200 resumed=0 errors=0 rate=111.1/s eta=8.2m
[*] progress 154,500/209,178 (73.9%) session=154,500 resumed=0 errors=0 rate=111.0/s eta=8.2m
[*] progress 154,800/209,178 (74.0%) session=154,800 resumed=0 errors=0 rate=111.0/s eta=8.2m
[*] progress 155,100/209,178 (74.1%) session=155,100 resumed=0 errors=0 rate=111.1/s eta=8.1m
[*] progress 155,400/209,178 (74.3%) session=155,400 resumed=0 errors=0 rate=110.9/s eta=8.1m
[*] progress 155,700/209,178 (74.4%) session=155,700 resumed=0 errors=0 rate=111.1/s eta=8.0m
[*] progress 156,000/209,178 (74.6%) session=156,000 resumed=0 errors=0 rate=111.1/s eta=8.0m
[*] progress 156,300/209,178 (74.7%) session=156,300 resumed=0 errors=0 rate=111.1/s eta=7.9m
[*] progress 156,600/209,178 (74.9%) session=156,600 resumed=0 errors=0 rate=111.0/s eta=7.9m
[*] progress 156,900/209,178 (75.0%) session=156,900 resumed=0 errors=0 rate=110.9/s eta=7.9m
[*] progress 157,200/209,178 (75.2%) session=157,200 resumed=0 errors=0 rate=111.0/s eta=7.8m
[*] progress 157,500/209,178 (75.3%) session=157,500 resumed=0 errors=0 rate=111.1/s eta=7.7m
[*] progress 157,800/209,178 (75.4%) session=157,800 resumed=0 errors=0 rate=111.0/s eta=7.7m
[*] progress 158,100/209,178 (75.6%) session=158,100 resumed=0 errors=0 rate=111.0/s eta=7.7m
[*] progress 158,400/209,178 (75.7%) session=158,400 resumed=0 errors=0 rate=111.1/s eta=7.6m
[*] progress 158,700/209,178 (75.9%) session=158,700 resumed=0 errors=0 rate=111.0/s eta=7.6m
[*] progress 159,000/209,178 (76.0%) session=159,000 resumed=0 errors=0 rate=111.1/s eta=7.5m
[*] progress 159,300/209,178 (76.2%) session=159,300 resumed=0 errors=0 rate=111.0/s eta=7.5m
[*] progress 159,600/209,178 (76.3%) session=159,600 resumed=0 errors=0 rate=111.0/s eta=7.4m
[*] progress 159,900/209,178 (76.4%) session=159,900 resumed=0 errors=0 rate=111.1/s eta=7.4m
[*] progress 160,200/209,178 (76.6%) session=160,200 resumed=0 errors=0 rate=111.0/s eta=7.4m
[*] progress 160,500/209,178 (76.7%) session=160,500 resumed=0 errors=0 rate=111.1/s eta=7.3m
[*] progress 160,800/209,178 (76.9%) session=160,800 resumed=0 errors=0 rate=111.0/s eta=7.3m
[*] progress 161,100/209,178 (77.0%) session=161,100 resumed=0 errors=0 rate=111.0/s eta=7.2m
[*] progress 161,400/209,178 (77.2%) session=161,400 resumed=0 errors=0 rate=111.0/s eta=7.2m
[*] progress 161,700/209,178 (77.3%) session=161,700 resumed=0 errors=0 rate=111.0/s eta=7.1m
[*] progress 162,000/209,178 (77.4%) session=162,000 resumed=0 errors=0 rate=111.0/s eta=7.1m
[*] progress 162,300/209,178 (77.6%) session=162,300 resumed=0 errors=0 rate=111.1/s eta=7.0m
[*] progress 162,600/209,178 (77.7%) session=162,600 resumed=0 errors=0 rate=111.0/s eta=7.0m
[*] progress 162,900/209,178 (77.9%) session=162,900 resumed=0 errors=0 rate=111.0/s eta=6.9m
[*] progress 163,200/209,178 (78.0%) session=163,200 resumed=0 errors=0 rate=111.1/s eta=6.9m
[*] progress 163,500/209,178 (78.2%) session=163,500 resumed=0 errors=0 rate=111.0/s eta=6.9m
[*] progress 163,800/209,178 (78.3%) session=163,800 resumed=0 errors=0 rate=111.2/s eta=6.8m
[*] progress 164,100/209,178 (78.4%) session=164,100 resumed=0 errors=0 rate=111.0/s eta=6.8m
[*] progress 164,400/209,178 (78.6%) session=164,400 resumed=0 errors=0 rate=111.1/s eta=6.7m
[*] progress 164,700/209,178 (78.7%) session=164,700 resumed=0 errors=0 rate=111.1/s eta=6.7m
[*] progress 165,000/209,178 (78.9%) session=165,000 resumed=0 errors=0 rate=111.0/s eta=6.6m
[*] progress 165,300/209,178 (79.0%) session=165,300 resumed=0 errors=0 rate=111.1/s eta=6.6m
[*] progress 165,600/209,178 (79.2%) session=165,600 resumed=0 errors=0 rate=111.1/s eta=6.5m
[*] progress 165,900/209,178 (79.3%) session=165,900 resumed=0 errors=0 rate=111.0/s eta=6.5m
[*] progress 166,200/209,178 (79.5%) session=166,200 resumed=0 errors=0 rate=111.1/s eta=6.4m
[*] progress 166,500/209,178 (79.6%) session=166,500 resumed=0 errors=0 rate=111.0/s eta=6.4m
[*] progress 166,800/209,178 (79.7%) session=166,800 resumed=0 errors=0 rate=111.1/s eta=6.4m
[*] progress 167,100/209,178 (79.9%) session=167,100 resumed=0 errors=0 rate=111.2/s eta=6.3m
[*] progress 167,400/209,178 (80.0%) session=167,400 resumed=0 errors=0 rate=111.0/s eta=6.3m
[*] progress 167,700/209,178 (80.2%) session=167,700 resumed=0 errors=0 rate=111.1/s eta=6.2m
[*] progress 168,000/209,178 (80.3%) session=168,000 resumed=0 errors=0 rate=111.1/s eta=6.2m
[*] progress 168,300/209,178 (80.5%) session=168,300 resumed=0 errors=0 rate=111.0/s eta=6.1m
[*] progress 168,600/209,178 (80.6%) session=168,600 resumed=0 errors=0 rate=111.2/s eta=6.1m
[*] progress 168,900/209,178 (80.7%) session=168,900 resumed=0 errors=0 rate=111.0/s eta=6.0m
[*] progress 169,200/209,178 (80.9%) session=169,200 resumed=0 errors=0 rate=111.0/s eta=6.0m
[*] progress 169,500/209,178 (81.0%) session=169,500 resumed=0 errors=0 rate=111.2/s eta=5.9m
[*] progress 169,800/209,178 (81.2%) session=169,800 resumed=0 errors=0 rate=111.0/s eta=5.9m
[*] progress 170,100/209,178 (81.3%) session=170,100 resumed=0 errors=0 rate=111.1/s eta=5.9m
[*] progress 170,400/209,178 (81.5%) session=170,400 resumed=0 errors=0 rate=111.1/s eta=5.8m
[*] progress 170,700/209,178 (81.6%) session=170,700 resumed=0 errors=0 rate=111.0/s eta=5.8m
[*] progress 171,000/209,178 (81.7%) session=171,000 resumed=0 errors=0 rate=111.1/s eta=5.7m
[*] progress 171,300/209,178 (81.9%) session=171,300 resumed=0 errors=0 rate=111.0/s eta=5.7m
[*] progress 171,600/209,178 (82.0%) session=171,600 resumed=0 errors=0 rate=111.1/s eta=5.6m
[*] progress 171,900/209,178 (82.2%) session=171,900 resumed=0 errors=0 rate=111.1/s eta=5.6m
[*] progress 172,200/209,178 (82.3%) session=172,200 resumed=0 errors=0 rate=111.0/s eta=5.6m
[*] progress 172,500/209,178 (82.5%) session=172,500 resumed=0 errors=0 rate=111.1/s eta=5.5m
[*] progress 172,800/209,178 (82.6%) session=172,800 resumed=0 errors=0 rate=111.1/s eta=5.5m
[+++ BLOOM HIT] P32TRAILING ecb md5/256 window@48
[*] progress 173,100/209,178 (82.8%) session=173,100 resumed=0 errors=0 rate=111.1/s eta=5.4m
[*] progress 173,400/209,178 (82.9%) session=173,400 resumed=0 errors=0 rate=111.1/s eta=5.4m
[*] progress 173,700/209,178 (83.0%) session=173,700 resumed=0 errors=0 rate=111.0/s eta=5.3m
[*] progress 174,000/209,178 (83.2%) session=174,000 resumed=0 errors=0 rate=111.0/s eta=5.3m
[*] progress 174,300/209,178 (83.3%) session=174,300 resumed=0 errors=0 rate=111.1/s eta=5.2m
[*] progress 174,600/209,178 (83.5%) session=174,600 resumed=0 errors=0 rate=111.0/s eta=5.2m
[*] progress 174,900/209,178 (83.6%) session=174,900 resumed=0 errors=0 rate=111.1/s eta=5.1m
[*] progress 175,200/209,178 (83.8%) session=175,200 resumed=0 errors=0 rate=111.1/s eta=5.1m
[*] progress 175,500/209,178 (83.9%) session=175,500 resumed=0 errors=0 rate=111.0/s eta=5.1m
[*] progress 175,800/209,178 (84.0%) session=175,800 resumed=0 errors=0 rate=111.1/s eta=5.0m
[*] progress 176,100/209,178 (84.2%) session=176,100 resumed=0 errors=0 rate=111.0/s eta=5.0m
[*] progress 176,400/209,178 (84.3%) session=176,400 resumed=0 errors=0 rate=111.0/s eta=4.9m
[*] progress 176,700/209,178 (84.5%) session=176,700 resumed=0 errors=0 rate=111.1/s eta=4.9m
[*] progress 177,000/209,178 (84.6%) session=177,000 resumed=0 errors=0 rate=111.0/s eta=4.8m
[*] progress 177,300/209,178 (84.8%) session=177,300 resumed=0 errors=0 rate=111.0/s eta=4.8m
[*] progress 177,600/209,178 (84.9%) session=177,600 resumed=0 errors=0 rate=111.0/s eta=4.7m
[*] progress 177,900/209,178 (85.0%) session=177,900 resumed=0 errors=0 rate=111.0/s eta=4.7m
[*] progress 178,200/209,178 (85.2%) session=178,200 resumed=0 errors=0 rate=111.1/s eta=4.6m
[*] progress 178,500/209,178 (85.3%) session=178,500 resumed=0 errors=0 rate=111.0/s eta=4.6m
[*] progress 178,800/209,178 (85.5%) session=178,800 resumed=0 errors=0 rate=111.0/s eta=4.6m
[*] progress 179,100/209,178 (85.6%) session=179,100 resumed=0 errors=0 rate=111.1/s eta=4.5m
[*] progress 179,400/209,178 (85.8%) session=179,400 resumed=0 errors=0 rate=111.0/s eta=4.5m
[*] progress 179,700/209,178 (85.9%) session=179,700 resumed=0 errors=0 rate=111.0/s eta=4.4m
[*] progress 180,000/209,178 (86.1%) session=180,000 resumed=0 errors=0 rate=111.1/s eta=4.4m
[*] progress 180,300/209,178 (86.2%) session=180,300 resumed=0 errors=0 rate=111.0/s eta=4.3m
[*] progress 180,600/209,178 (86.3%) session=180,600 resumed=0 errors=0 rate=111.1/s eta=4.3m
[*] progress 180,900/209,178 (86.5%) session=180,900 resumed=0 errors=0 rate=110.9/s eta=4.2m
[*] progress 181,200/209,178 (86.6%) session=181,200 resumed=0 errors=0 rate=110.9/s eta=4.2m
[*] progress 181,500/209,178 (86.8%) session=181,500 resumed=0 errors=0 rate=111.0/s eta=4.2m
[*] progress 181,800/209,178 (86.9%) session=181,800 resumed=0 errors=0 rate=110.9/s eta=4.1m
[*] progress 182,100/209,178 (87.1%) session=182,100 resumed=0 errors=0 rate=110.9/s eta=4.1m
[*] progress 182,400/209,178 (87.2%) session=182,400 resumed=0 errors=0 rate=110.9/s eta=4.0m
[*] progress 182,700/209,178 (87.3%) session=182,700 resumed=0 errors=0 rate=110.7/s eta=4.0m
[*] progress 183,000/209,178 (87.5%) session=183,000 resumed=0 errors=0 rate=110.8/s eta=3.9m
[*] progress 183,300/209,178 (87.6%) session=183,300 resumed=0 errors=0 rate=110.8/s eta=3.9m
[*] progress 183,600/209,178 (87.8%) session=183,600 resumed=0 errors=0 rate=110.8/s eta=3.8m
[*] progress 183,900/209,178 (87.9%) session=183,900 resumed=0 errors=0 rate=110.9/s eta=3.8m
[*] progress 184,200/209,178 (88.1%) session=184,200 resumed=0 errors=0 rate=110.7/s eta=3.8m
[*] progress 184,500/209,178 (88.2%) session=184,500 resumed=0 errors=0 rate=110.8/s eta=3.7m
[*] progress 184,800/209,178 (88.3%) session=184,800 resumed=0 errors=0 rate=110.8/s eta=3.7m
[*] progress 185,100/209,178 (88.5%) session=185,100 resumed=0 errors=0 rate=110.7/s eta=3.6m
[*] progress 185,400/209,178 (88.6%) session=185,400 resumed=0 errors=0 rate=110.8/s eta=3.6m
[*] progress 185,700/209,178 (88.8%) session=185,700 resumed=0 errors=0 rate=110.8/s eta=3.5m
[*] progress 186,000/209,178 (88.9%) session=186,000 resumed=0 errors=0 rate=110.7/s eta=3.5m
[*] progress 186,300/209,178 (89.1%) session=186,300 resumed=0 errors=0 rate=110.7/s eta=3.4m
[*] progress 186,600/209,178 (89.2%) session=186,600 resumed=0 errors=0 rate=110.7/s eta=3.4m
[*] progress 186,900/209,178 (89.3%) session=186,900 resumed=0 errors=0 rate=110.7/s eta=3.4m
[*] progress 187,200/209,178 (89.5%) session=187,200 resumed=0 errors=0 rate=110.7/s eta=3.3m
[*] progress 187,500/209,178 (89.6%) session=187,500 resumed=0 errors=0 rate=110.7/s eta=3.3m
[*] progress 187,800/209,178 (89.8%) session=187,800 resumed=0 errors=0 rate=110.6/s eta=3.2m
[*] progress 188,100/209,178 (89.9%) session=188,100 resumed=0 errors=0 rate=110.6/s eta=3.2m
[*] progress 188,400/209,178 (90.1%) session=188,400 resumed=0 errors=0 rate=110.6/s eta=3.1m
[*] progress 188,700/209,178 (90.2%) session=188,700 resumed=0 errors=0 rate=110.7/s eta=3.1m
[*] progress 189,000/209,178 (90.4%) session=189,000 resumed=0 errors=0 rate=110.6/s eta=3.0m
[*] progress 189,300/209,178 (90.5%) session=189,300 resumed=0 errors=0 rate=110.7/s eta=3.0m
[*] progress 189,600/209,178 (90.6%) session=189,600 resumed=0 errors=0 rate=110.7/s eta=2.9m
[*] progress 189,900/209,178 (90.8%) session=189,900 resumed=0 errors=0 rate=110.6/s eta=2.9m
[*] progress 190,200/209,178 (90.9%) session=190,200 resumed=0 errors=0 rate=110.7/s eta=2.9m
[*] progress 190,500/209,178 (91.1%) session=190,500 resumed=0 errors=0 rate=110.6/s eta=2.8m
[*] progress 190,800/209,178 (91.2%) session=190,800 resumed=0 errors=0 rate=110.7/s eta=2.8m
[*] progress 191,100/209,178 (91.4%) session=191,100 resumed=0 errors=0 rate=110.7/s eta=2.7m
[*] progress 191,400/209,178 (91.5%) session=191,400 resumed=0 errors=0 rate=110.6/s eta=2.7m
[*] progress 191,700/209,178 (91.6%) session=191,700 resumed=0 errors=0 rate=110.6/s eta=2.6m
[*] progress 192,000/209,178 (91.8%) session=192,000 resumed=0 errors=0 rate=110.7/s eta=2.6m
[*] progress 192,300/209,178 (91.9%) session=192,300 resumed=0 errors=0 rate=110.6/s eta=2.5m
[*] progress 192,600/209,178 (92.1%) session=192,600 resumed=0 errors=0 rate=110.7/s eta=2.5m
[*] progress 192,900/209,178 (92.2%) session=192,900 resumed=0 errors=0 rate=110.6/s eta=2.5m
[*] progress 193,200/209,178 (92.4%) session=193,200 resumed=0 errors=0 rate=110.6/s eta=2.4m
[*] progress 193,500/209,178 (92.5%) session=193,500 resumed=0 errors=0 rate=110.6/s eta=2.4m
[*] progress 193,800/209,178 (92.6%) session=193,800 resumed=0 errors=0 rate=110.6/s eta=2.3m
[*] progress 194,100/209,178 (92.8%) session=194,100 resumed=0 errors=0 rate=110.5/s eta=2.3m
[*] progress 194,400/209,178 (92.9%) session=194,400 resumed=0 errors=0 rate=110.6/s eta=2.2m
[*] progress 194,700/209,178 (93.1%) session=194,700 resumed=0 errors=0 rate=110.6/s eta=2.2m
[*] progress 195,000/209,178 (93.2%) session=195,000 resumed=0 errors=0 rate=110.5/s eta=2.1m
[*] progress 195,300/209,178 (93.4%) session=195,300 resumed=0 errors=0 rate=110.6/s eta=2.1m
[*] progress 195,600/209,178 (93.5%) session=195,600 resumed=0 errors=0 rate=110.5/s eta=2.0m
[*] progress 195,900/209,178 (93.7%) session=195,900 resumed=0 errors=0 rate=110.6/s eta=2.0m
[*] progress 196,200/209,178 (93.8%) session=196,200 resumed=0 errors=0 rate=110.6/s eta=2.0m
[*] progress 196,500/209,178 (93.9%) session=196,500 resumed=0 errors=0 rate=110.5/s eta=1.9m
[*] progress 196,800/209,178 (94.1%) session=196,800 resumed=0 errors=0 rate=110.6/s eta=1.9m
[*] progress 197,100/209,178 (94.2%) session=197,100 resumed=0 errors=0 rate=110.5/s eta=1.8m
[*] progress 197,400/209,178 (94.4%) session=197,400 resumed=0 errors=0 rate=110.5/s eta=1.8m
[*] progress 197,700/209,178 (94.5%) session=197,700 resumed=0 errors=0 rate=110.4/s eta=1.7m
[*] progress 198,000/209,178 (94.7%) session=198,000 resumed=0 errors=0 rate=110.4/s eta=1.7m
[*] progress 198,300/209,178 (94.8%) session=198,300 resumed=0 errors=0 rate=110.4/s eta=1.6m
[*] progress 198,600/209,178 (94.9%) session=198,600 resumed=0 errors=0 rate=110.4/s eta=1.6m
[*] progress 198,900/209,178 (95.1%) session=198,900 resumed=0 errors=0 rate=110.3/s eta=1.6m
[*] progress 199,200/209,178 (95.2%) session=199,200 resumed=0 errors=0 rate=110.4/s eta=1.5m
[*] progress 199,500/209,178 (95.4%) session=199,500 resumed=0 errors=0 rate=110.3/s eta=1.5m
[*] progress 199,800/209,178 (95.5%) session=199,800 resumed=0 errors=0 rate=110.4/s eta=1.4m
[*] progress 200,100/209,178 (95.7%) session=200,100 resumed=0 errors=0 rate=110.4/s eta=1.4m
[*] progress 200,400/209,178 (95.8%) session=200,400 resumed=0 errors=0 rate=110.3/s eta=1.3m
[*] progress 200,700/209,178 (95.9%) session=200,700 resumed=0 errors=0 rate=110.4/s eta=1.3m
[*] progress 201,000/209,178 (96.1%) session=201,000 resumed=0 errors=0 rate=110.3/s eta=1.2m
[*] progress 201,300/209,178 (96.2%) session=201,300 resumed=0 errors=0 rate=110.4/s eta=1.2m
[*] progress 201,600/209,178 (96.4%) session=201,600 resumed=0 errors=0 rate=110.4/s eta=1.1m
[*] progress 201,900/209,178 (96.5%) session=201,900 resumed=0 errors=0 rate=110.5/s eta=1.1m
[*] progress 202,200/209,178 (96.7%) session=202,200 resumed=0 errors=0 rate=110.3/s eta=1.1m
[*] progress 202,500/209,178 (96.8%) session=202,500 resumed=0 errors=0 rate=110.4/s eta=1.0m
[*] progress 202,800/209,178 (97.0%) session=202,800 resumed=0 errors=0 rate=110.4/s eta=1.0m
[*] progress 203,100/209,178 (97.1%) session=203,100 resumed=0 errors=0 rate=110.4/s eta=0.9m
[*] progress 203,400/209,178 (97.2%) session=203,400 resumed=0 errors=0 rate=110.4/s eta=0.9m
[*] progress 203,700/209,178 (97.4%) session=203,700 resumed=0 errors=0 rate=110.4/s eta=0.8m
[*] progress 204,000/209,178 (97.5%) session=204,000 resumed=0 errors=0 rate=110.4/s eta=0.8m
[*] progress 204,300/209,178 (97.7%) session=204,300 resumed=0 errors=0 rate=110.3/s eta=0.7m
[*] progress 204,600/209,178 (97.8%) session=204,600 resumed=0 errors=0 rate=110.4/s eta=0.7m
[*] progress 204,900/209,178 (98.0%) session=204,900 resumed=0 errors=0 rate=110.4/s eta=0.6m
[*] progress 205,200/209,178 (98.1%) session=205,200 resumed=0 errors=0 rate=110.2/s eta=0.6m
[*] progress 205,500/209,178 (98.2%) session=205,500 resumed=0 errors=0 rate=110.3/s eta=0.6m
[*] progress 205,800/209,178 (98.4%) session=205,800 resumed=0 errors=0 rate=110.2/s eta=0.5m
[*] progress 206,100/209,178 (98.5%) session=206,100 resumed=0 errors=0 rate=110.3/s eta=0.5m
[*] progress 206,400/209,178 (98.7%) session=206,400 resumed=0 errors=0 rate=110.3/s eta=0.4m
[*] progress 206,700/209,178 (98.8%) session=206,700 resumed=0 errors=0 rate=110.4/s eta=0.4m
[*] progress 207,000/209,178 (99.0%) session=207,000 resumed=0 errors=0 rate=110.3/s eta=0.3m
[*] progress 207,300/209,178 (99.1%) session=207,300 resumed=0 errors=0 rate=110.4/s eta=0.3m
[*] progress 207,600/209,178 (99.2%) session=207,600 resumed=0 errors=0 rate=110.3/s eta=0.2m
[*] progress 207,900/209,178 (99.4%) session=207,900 resumed=0 errors=0 rate=110.4/s eta=0.2m
[*] progress 208,200/209,178 (99.5%) session=208,200 resumed=0 errors=0 rate=110.4/s eta=0.1m
[*] progress 208,500/209,178 (99.7%) session=208,500 resumed=0 errors=0 rate=110.5/s eta=0.1m
[+++ BLOOM HIT] SALPH ecb sha256/192 window@0
[*] progress 208,800/209,178 (99.8%) session=208,800 resumed=0 errors=0 rate=110.5/s eta=0.1m
[*] progress 209,078/209,178 (100.0%) session=209,078 resumed=0 errors=0 rate=110.6/s eta=0.0m
[*] final: 209,178 completed, 0 errors
[*] summary: fingerprint=b103b6c2632bc869 elapsed=1891.2s resumed=0 total=209,178 missing=0 duplicate_digests=0 classifications: bloom=6, vanity_strong=1, vanity_weak=9
